[20:29:20] [ServerMain/INFO]: [bootstrap] Running Java 21 (OpenJDK 64-Bit Server VM 21.0.11+10-1-24.04.2-Ubuntu; Ubuntu null) on Linux 6.8.0-1052-azure (amd64)
[20:29:20] [ServerMain/INFO]: [bootstrap] Loading Paper 1.21.11-99-main@81b9122 (2026-01-20T19:08:30Z) for Minecraft 1.21.11
[20:29:21] [ServerMain/INFO]: [PluginInitializerManager] Initializing plugins...
[20:29:24] [Paper Plugin Remapper Thread - 0/INFO]: [PluginRemapper] Remapping plugin 'plugins/VolaneUtils.jar'...
[20:29:24] [Paper Plugin Remapper Thread - 1/INFO]: [PluginRemapper] Remapping plugin 'plugins/HardcoreSMP.jar'...
[20:29:26] [Paper Plugin Remapper Thread - 0/INFO]: [PluginRemapper] Done remapping plugin 'plugins/VolaneUtils.jar' in 2263ms.
[20:29:32] [Paper Plugin Remapper Thread - 1/INFO]: [PluginRemapper] Done remapping plugin 'plugins/HardcoreSMP.jar' in 8670ms.
[20:29:33] [ServerMain/INFO]: [PluginInitializerManager] Initialized 4 plugins
[20:29:33] [ServerMain/INFO]: [PluginInitializerManager] Bukkit plugins (4):
 - HardcoreSMP (1.0), LuckPerms (5.5.53), VolaneUtils (1.0), WorldEdit (7.4.2+7450-eb8e82c)
[20:29:40] [ServerMain/INFO]: Environment: Environment[sessionHost=https://sessionserver.mojang.com, servicesHost=https://api.minecraftservices.com, profilesHost=https://api.mojang.com, name=PROD]
[20:29:44] [ServerMain/INFO]: Loaded 1470 recipes
[20:29:44] [ServerMain/INFO]: Loaded 1584 advancements
[20:29:44] [ServerMain/INFO]: [ca.spottedleaf.dataconverter.minecraft.datatypes.MCTypeRegistry] Initialising converters for DataConverter...
[20:29:45] [ServerMain/INFO]: [ca.spottedleaf.dataconverter.minecraft.datatypes.MCTypeRegistry] Finished initialising converters for DataConverter in 655.0ms
[20:29:45] [Server thread/INFO]: Starting minecraft server version 1.21.11
[20:29:45] [Server thread/INFO]: Loading properties
[20:29:45] [Server thread/INFO]: This server is running Paper version 1.21.11-99-main@81b9122 (2026-01-20T19:08:30Z) (Implementing API version 1.21.11-R0.1-SNAPSHOT)
[20:29:45] [Server thread/INFO]: [spark] This server bundles the spark profiler. For more information please visit https://docs.papermc.io/paper/profiling
[20:29:46] [Server thread/INFO]: Server Ping Player Sample Count: 12
[20:29:46] [Server thread/INFO]: Using 4 threads for Netty based IO
[20:29:49] [Server thread/INFO]: [MoonriseCommon] Paper is using 1 worker threads, 1 I/O threads
[20:29:50] [Server thread/INFO]: Default game type: SURVIVAL
[20:29:50] [Server thread/INFO]: Generating keypair
[20:29:51] [Server thread/INFO]: Starting Minecraft server on *:25565
[20:29:51] [Server thread/INFO]: Paper: Using libdeflate (Linux x86_64) compression from Velocity.
[20:29:51] [Server thread/INFO]: Paper: Using OpenSSL 3.x.x (Linux x86_64) cipher from Velocity.
[20:29:53] [Server thread/INFO]: [VolaneUtils] Loading server plugin VolaneUtils v1.0
[20:29:53] [Server thread/INFO]: [WorldEdit] Loading server plugin WorldEdit v7.4.2+7450-eb8e82c
[20:29:55] [Server thread/INFO]: Got request to register class com.sk89q.worldedit.bukkit.BukkitServerInterface with WorldEdit [com.sk89q.worldedit.extension.platform.PlatformManager@32cb1c75]
[20:29:55] [Server thread/INFO]: [LuckPerms] Loading server plugin LuckPerms v5.5.53
[20:29:56] [Server thread/INFO]: [LuckPerms] Loading configuration...
[20:29:56] [Server thread/INFO]: [HardcoreSMP] Loading server plugin HardcoreSMP v1.0
[20:29:56] [Server thread/INFO]: Server permissions file permissions.yml is empty, ignoring it
[20:29:56] [Server thread/INFO]: [VolaneUtils] Enabling VolaneUtils v1.0
[20:29:56] [Server thread/INFO]: [WorldEdit] Enabling WorldEdit v7.4.2+7450-eb8e82c
[20:29:56] [Server thread/INFO]: Registering commands with com.sk89q.worldedit.bukkit.BukkitServerInterface
[20:29:57] [Server thread/INFO]: WEPIF: Using the Bukkit Permissions API.
[20:29:57] [Server thread/INFO]: Using com.sk89q.worldedit.bukkit.adapter.impl.v1_21_11.PaperweightAdapter as the Bukkit adapter
[20:29:57] [Server thread/INFO]: [LuckPerms] Enabling LuckPerms v5.5.53
[20:29:59] [Server thread/INFO]:         __    
[20:29:59] [Server thread/INFO]:   |    |__)   LuckPerms v5.5.53
[20:29:59] [Server thread/INFO]:   |___ |      Running on Bukkit - Paper
[20:29:59] [Server thread/INFO]: 
[20:29:59] [Server thread/INFO]: [LuckPerms] Loading storage provider... [H2]
[20:30:00] [Server thread/INFO]: [LuckPerms] Loading internal permission managers...
[20:30:00] [Server thread/INFO]: [LuckPerms] Performing initial data load...
[20:30:00] [Server thread/INFO]: [LuckPerms] Successfully enabled. (took 2894ms)
[20:30:00] [Server thread/INFO]: [HardcoreSMP] Enabling HardcoreSMP v1.0
[20:30:01] [Server thread/INFO]: HardcoreSMP | Licencia validada por Volane Studios.
[20:30:01] [Server thread/INFO]: HardcoreSMP | Gracias por comprar ! Xander.
[20:30:01] [Server thread/INFO]: HardcoreSMP | License: 1170125268015382589
[20:30:01] [Server thread/INFO]: HardcoreSMP | Bundle: VBL-1CDAF6-A64435-C9B44C
[20:30:01] [Server thread/INFO]: HardcoreSMP | Validacion: online
[20:30:01] [Server thread/WARN]: **** SERVER IS RUNNING IN OFFLINE/INSECURE MODE!
[20:30:01] [Server thread/WARN]: The server will make no attempt to authenticate usernames. Beware.
[20:30:01] [Server thread/WARN]: While this makes the game possible to play without internet access, it also opens up the ability for hackers to connect with any username they choose.
[20:30:01] [Server thread/WARN]: To change this, set "online-mode" to "true" in the server.properties file.
[20:30:01] [Server thread/INFO]: Preparing level "world"
[20:30:01] [Server thread/INFO]: [ca.spottedleaf.moonrise.common.util.MoonriseConstants] NUMA enable flag is not set; however there is NUMA interaction support for this OS.
[20:30:01] [Server thread/INFO]: [ca.spottedleaf.moonrise.common.util.MoonriseConstants] Detected 1 NUMA nodes.
[20:30:03] [Server thread/INFO]: Loading 0 persistent chunks for world 'minecraft:overworld'...
[20:30:03] [Server thread/INFO]: Preparing spawn area: 100%
[20:30:03] [Server thread/INFO]: Prepared spawn area in 3 ms
[20:30:03] [Server thread/INFO]: Loading 0 persistent chunks for world 'minecraft:the_nether'...
[20:30:03] [Server thread/INFO]: Preparing spawn area: 100%
[20:30:03] [Server thread/INFO]: Prepared spawn area in 8 ms
[20:30:03] [Server thread/INFO]: Loading 0 persistent chunks for world 'minecraft:the_end'...
[20:30:03] [Server thread/INFO]: Prepared spawn area in 0 ms
[20:30:03] [Server thread/INFO]: Done preparing level "world" (2.123s)
[20:30:04] [Server thread/INFO]: [spark] Starting background profiler...
[20:30:05] [Server thread/INFO]: Running delayed init tasks
[20:30:06] [Server thread/INFO]: 
[20:30:06] [Server thread/INFO]: [HardcoreSMP] Inicializando dificultad progresiva
[20:30:06] [Server thread/INFO]: [HCS] Plugin: 1.0 | Servidor: 1.21.11
[20:30:06] [Server thread/INFO]: [HCS] Mundos: &aOverworld: &bworld &eEnd: &bworld_the_end | Overworld: world | End: world_the_end
[20:30:06] [Server thread/INFO]: [HCS] Plataforma: PaperMC (Compatible) | API: &aCompatible
[20:30:06] [Server thread/INFO]: [HCS] Progresion disponible: Dias 1-60
[20:30:07] [Server thread/INFO]: [HardcoreSMP] Comando principal registrado: /hardcoresmp (aliases: hcs, hc)
[20:30:07] [Server thread/INFO]: [HardcoreSMP] [Discord] El bot de Discord esta desactivado en discord/config.yml.
[20:30:07] [Server thread/INFO]: Done (48.856s)! For help, type "help"
[20:30:07] [Paper Async Task Handler Thread - 1/WARN]: *** You are running an outdated version of Minecraft, which is 2 release(s) and 33 build(s) behind!
[20:30:07] [Paper Async Task Handler Thread - 1/WARN]: *** Please update to the latest stable version on https://papermc.io/downloads/paper ***
[20:30:09] [Thread-11/INFO]: [VolaneUtils] Licencia valida para hardcoresmp. Gracias por comprar, ! Xander.
[20:30:09] [Thread-11/INFO]: [VolaneUtils] Bundle: VBL-1CDAF6-A64435-C9B44C | Par: verificado | Modo: online
[20:30:16] [User Authenticator #0/INFO]: UUID of player XandeerC is 011acbca-5ed6-3cea-97fc-c77b2d1f9f08
[20:30:16] [Server thread/INFO]: [HorriblePlayerLoginEventHack] You have plugins listening to the PlayerLoginEvent, this will cause re-configuration APIs to be unavailable: [LuckPerms]
[20:30:19] [Server thread/INFO]: XandeerC se ha unido al servidor.
[20:30:19] [Server thread/INFO]: XandeerC[/127.48.171.52:39687] logged in with entity id 1 at ([world]25.314608072726216, 112.0, 171.9079211097553)
[20:30:29] [Server thread/INFO]: XandeerC issued server command: /gamemode creative
[20:30:30] [Server thread/INFO]: XandeerC issued server command: /hcs
[20:30:32] [Server thread/INFO]: XandeerC issued server command: /hcs
[20:31:01] [Server thread/INFO]: XandeerC issued server command: /hcs reload
[20:31:01] [Server thread/INFO]: [HardcoreSMP] Comando principal registrado: /ultradeath (aliases: uth, ultra)
[20:31:01] [Server thread/INFO]: [HardcoreSMP] [Discord] El bot de Discord esta desactivado en discord/config.yml.
[20:31:04] [Server thread/INFO]: XandeerC issued server command: /ultra
[20:31:07] [Server thread/INFO]: XandeerC issued server command: /ultradeath
[20:31:18] [Server thread/INFO]: XandeerC issued server command: /hardcoresmp
[20:31:30] [Server thread/INFO]: XandeerC issued server command: /hcs reload
[20:31:30] [Server thread/ERROR]: [HardcoreSMP] No se pudo registrar el comando principal configurable: remove
[20:31:30] [Server thread/INFO]: [HardcoreSMP] [Discord] El bot de Discord esta desactivado en discord/config.yml.
[20:31:32] [Server thread/INFO]: XandeerC issued server command: /xdxdxd
[20:31:36] [Server thread/INFO]: XandeerC issued server command: /hcs reload
[20:31:36] [Server thread/ERROR]: [HardcoreSMP] No se pudo registrar el comando principal configurable: remove
[20:31:36] [Server thread/INFO]: [HardcoreSMP] [Discord] El bot de Discord esta desactivado en discord/config.yml.
[20:31:37] [Server thread/INFO]: XandeerC issued server command: /xdxdxd
[20:31:53] [Server thread/INFO]: XandeerC issued server command: /ultra reload
[20:31:53] [Server thread/ERROR]: [HardcoreSMP] No se pudo registrar el comando principal configurable: remove
[20:31:53] [Server thread/INFO]: [HardcoreSMP] [Discord] El bot de Discord esta desactivado en discord/config.yml.
[20:32:16] [Server thread/INFO]: XandeerC issued server command: /ultra reload
[20:32:16] [Server thread/ERROR]: [HardcoreSMP] No se pudo registrar el comando principal configurable: remove
[20:32:16] [Server thread/INFO]: [HardcoreSMP] [Discord] El bot de Discord esta desactivado en discord/config.yml.
[20:32:23] [Server thread/INFO]: XandeerC issued server command: /ultra
[20:38:54] [Server thread/INFO]: XandeerC issued server command: /hcs cambiardia <dia>
[20:38:58] [Server thread/INFO]: XandeerC issued server command: /hcs gui
[20:39:03] [Server thread/INFO]: XandeerC issued server command: /hcs gui
[20:39:28] [Server thread/INFO]: XandeerC issued server command: /hcs gui
[20:52:18] [Server thread/INFO]: XandeerC issued server command: /deop XandeerC
[20:52:18] [Server thread/INFO]: [XandeerC: Made XandeerC no longer a server operator]
[20:52:43] [Server thread/INFO]: XandeerC ha muerto y ahora descansa en paz.
[20:52:43] [Server thread/INFO]: Este es el comienzo del sufrimiento eterno de XandeerC. ¡HA SIDO PERMABANEADO!
[20:52:43] [Server thread/INFO]: X: 20 || Y: 112 || Z: 147
[20:52:43] [Server thread/INFO]: XandeerC was killed
[20:52:43] [Server thread/INFO]: Killed XandeerC
[20:52:43] [Server thread/INFO]: Set the weather to rain & thunder
[20:52:45] [Server thread/INFO]: XandeerC lost connection: Has sido PERMABANEADO
[20:52:45] [Server thread/INFO]: XandeerC ha abandonado el servidor.
[20:52:48] [Server thread/INFO]: ¡Comienza el Death Train con duración de 1 horas!
[20:55:06] [Server thread/INFO]: Unbanned XandeerC
[20:55:09] [User Authenticator #1/INFO]: UUID of player XandeerC is 011acbca-5ed6-3cea-97fc-c77b2d1f9f08
[20:55:10] [Server thread/INFO]: XandeerC se ha unido al servidor.
[20:55:10] [Server thread/INFO]: XandeerC[/127.48.171.52:40759] logged in with entity id 2590 at ([world]20.7726663282382, 112.0, 147.83619661752252)
[20:55:12] [Server thread/INFO]: Made XandeerC a server operator
[20:55:19] [Server thread/INFO]: XandeerC issued server command: /weather clear
[20:55:19] [Server thread/INFO]: La tormenta ha llegado a su fin.
[20:55:19] [Server thread/INFO]: [XandeerC: Set the weather to clear]
[20:55:29] [Server thread/INFO]: XandeerC issued server command: /kill XandeerC
[20:55:29] [Server thread/INFO]: XandeerC ha muerto y ahora descansa en paz.
[20:55:29] [Server thread/INFO]: Este es el comienzo del sufrimiento eterno de XandeerC. ¡HA SIDO PERMABANEADO!
[20:55:29] [Server thread/INFO]: X: 26 || Y: 103 || Z: 87
[20:55:29] [Server thread/INFO]: XandeerC was killed
[20:55:29] [Server thread/INFO]: [XandeerC: Killed XandeerC]
[20:55:29] [Server thread/INFO]: Set the weather to rain & thunder
[20:55:34] [Server thread/INFO]: ¡Comienza el Death Train con duración de 1 horas!
[20:55:38] [Server thread/INFO]: XandeerC issued server command: /weather clear
[20:55:38] [Server thread/INFO]: La tormenta ha llegado a su fin.
[20:55:38] [Server thread/INFO]: [XandeerC: Set the weather to clear]
[20:55:41] [Server thread/INFO]: XandeerC issued server command: /hcs gui
[20:56:02] [Server thread/INFO]: XandeerC issued server command: /hcs storm addHours 1
[20:56:02] [Server thread/INFO]: Set the weather to rain & thunder
[20:56:04] [Server thread/INFO]: XandeerC issued server command: /hcs storm addHours 1
[20:56:04] [Server thread/INFO]: Set the weather to rain & thunder
[20:56:05] [Server thread/INFO]: XandeerC issued server command: /hcs storm addHours 1
[20:56:05] [Server thread/INFO]: Set the weather to rain & thunder
[20:56:05] [Server thread/INFO]: XandeerC issued server command: /hcs storm addHours 1
[20:56:05] [Server thread/INFO]: Set the weather to rain & thunder
[20:56:06] [Server thread/INFO]: XandeerC issued server command: /hcs storm addHours 1
[20:56:06] [Server thread/INFO]: Set the weather to rain & thunder
[20:56:22] [Server thread/INFO]: XandeerC issued server command: /weather clear
[20:56:22] [Server thread/INFO]: La tormenta ha llegado a su fin.
[20:56:22] [Server thread/INFO]: [XandeerC: Set the weather to clear]
[22:26:38] [Server thread/INFO]: La tormenta ha llegado a su fin.
[22:44:53] [Server thread/INFO]: XandeerC issued server command: /stop
[22:44:53] [Server thread/INFO]: [XandeerC: Stopping the server]
[22:44:53] [Server thread/INFO]: Stopping server
[22:44:53] [Server thread/INFO]: [HardcoreSMP] Disabling HardcoreSMP v1.0
[22:44:53] [Server thread/INFO]: 
[22:44:53] [Server thread/INFO]: [HardcoreSMP] Desactivando el plugin.
[22:44:53] [Server thread/INFO]: [HardcoreSMP] Autor: XandeerC
[22:44:53] [Server thread/INFO]: 
[22:44:53] [Server thread/INFO]: [LuckPerms] Disabling LuckPerms v5.5.53
[22:44:53] [Server thread/INFO]: [LuckPerms] Starting shutdown process...
[22:44:53] [Server thread/INFO]: [LuckPerms] Closing storage...
[22:44:53] [Server thread/INFO]: [LuckPerms] Goodbye!
[22:44:53] [Server thread/INFO]: [WorldEdit] Disabling WorldEdit v7.4.2+7450-eb8e82c
[22:44:53] [Server thread/INFO]: Unregistering com.sk89q.worldedit.bukkit.BukkitServerInterface from WorldEdit
[22:44:53] [Server thread/INFO]: [VolaneUtils] Disabling VolaneUtils v1.0
[22:44:53] [Server thread/INFO]: Saving players
[22:44:53] [Server thread/INFO]: XandeerC lost connection: Server closed
[22:44:53] [Server thread/INFO]: XandeerC left the game
[22:44:53] [Server thread/INFO]: Saving worlds
[22:44:53] [Server thread/INFO]: Saving chunks for level 'ServerLevel[world]'/minecraft:overworld
[22:44:53] [Server thread/INFO]: [ChunkHolderManager] Waiting 60s for chunk system to halt for world 'world'
[22:44:53] [Server thread/INFO]: [ChunkHolderManager] Halted chunk system for world 'world'
[22:44:53] [Server thread/INFO]: [ChunkHolderManager] Saving all chunkholders for world 'world'
[22:44:56] [Server thread/INFO]: [ChunkHolderManager] Saved 599 block chunks, 169 entity chunks, 0 poi chunks in world 'world' in 2.58s
[22:44:56] [Server thread/INFO]: [ChunkHolderManager] Waiting 60s for chunk I/O to halt for world 'world'
[22:44:56] [Server thread/INFO]: [ChunkHolderManager] Halted I/O scheduler for world 'world'
[22:44:56] [Server thread/INFO]: Saving chunks for level 'ServerLevel[world_nether]'/minecraft:the_nether
[22:44:56] [Server thread/INFO]: [ChunkHolderManager] Waiting 60s for chunk system to halt for world 'world_nether'
[22:44:56] [Server thread/INFO]: [ChunkHolderManager] Halted chunk system for world 'world_nether'
[22:44:56] [Server thread/INFO]: [ChunkHolderManager] Saving all chunkholders for world 'world_nether'
[22:44:56] [Server thread/INFO]: [ChunkHolderManager] Saved 0 block chunks, 0 entity chunks, 0 poi chunks in world 'world_nether' in 0.00s
[22:44:56] [Server thread/INFO]: [ChunkHolderManager] Waiting 60s for chunk I/O to halt for world 'world_nether'
[22:44:56] [Server thread/INFO]: [ChunkHolderManager] Halted I/O scheduler for world 'world_nether'
[22:44:56] [Server thread/INFO]: Saving chunks for level 'ServerLevel[world_the_end]'/minecraft:the_end
[22:44:56] [Server thread/INFO]: [ChunkHolderManager] Waiting 60s for chunk system to halt for world 'world_the_end'
[22:44:56] [Server thread/INFO]: [ChunkHolderManager] Halted chunk system for world 'world_the_end'
[22:44:56] [Server thread/INFO]: [ChunkHolderManager] Saving all chunkholders for world 'world_the_end'
[22:44:56] [Server thread/INFO]: [ChunkHolderManager] Saved 0 block chunks, 0 entity chunks, 0 poi chunks in world 'world_the_end' in 0.00s
[22:44:56] [Server thread/INFO]: [ChunkHolderManager] Waiting 60s for chunk I/O to halt for world 'world_the_end'
[22:44:56] [Server thread/INFO]: [ChunkHolderManager] Halted I/O scheduler for world 'world_the_end'
[22:44:56] [Server thread/INFO]: ThreadedAnvilChunkStorage (world): All chunks are saved
[22:44:56] [Server thread/INFO]: ThreadedAnvilChunkStorage (DIM-1): All chunks are saved
[22:44:56] [Server thread/INFO]: ThreadedAnvilChunkStorage (DIM1): All chunks are saved
[22:44:56] [Server thread/INFO]: ThreadedAnvilChunkStorage: All dimensions are saved
[22:44:56] [Server thread/INFO]: Waiting for all RegionFile I/O tasks to complete...
[22:44:56] [Server thread/INFO]: All RegionFile I/O tasks to complete
[22:44:56] [Server thread/INFO]: [MoonriseCommon] Awaiting termination of worker pool for up to 60s...
[22:44:56] [Server thread/INFO]: [MoonriseCommon] Awaiting termination of I/O pool for up to 60s...
